// Jest Snapshot v1, https://goo.gl/fbAQLP

exports[`matches snapshot 1`] = `
<div
  className="foodMainContainer"
  style={
    Object {
      "transform": "translateX(2000px) translateZ(0)",
    }
  }
/>
`;
