// Jest Snapshot v1, https://goo.gl/fbAQLP

exports[`matches snapshot 1`] = `
<div
  className="employeesRolesMainContainer"
>
  <div
    className="hamburgerMenu"
  >
    <svg
      fill="none"
      height="1em"
      onClick={[Function]}
      stroke="currentColor"
      strokeLinecap="round"
      strokeLinejoin="round"
      strokeWidth="2"
      style={
        Object {
          "color": undefined,
        }
      }
      viewBox="0 0 24 24"
      width="1em"
      xmlns="http://www.w3.org/2000/svg"
    >
      <line
        x1="3"
        x2="21"
        y1="12"
        y2="12"
      />
      <line
        x1="3"
        x2="21"
        y1="6"
        y2="6"
      />
      <line
        x1="3"
        x2="21"
        y1="18"
        y2="18"
      />
    </svg>
  </div>
  <div
    className="employeesRolesContent"
  >
    <div
      className="roleRow"
    />
    <div
      className="roleRow"
    >
      <div>
        <h1>
          id
        </h1>
      </div>
      <div>
        <h1>
          Role name
        </h1>
      </div>
      <div>
        <h1>
          Employees in role
        </h1>
      </div>
      <div>
        <h1>
          Edit
        </h1>
      </div>
    </div>
    <div
      className="addRoleContainer"
    >
      <input
        autoComplete="off"
        name="category"
        onChange={[Function]}
        placeholder="group name"
        required={true}
        type="text"
      />
      <button
        onClick={[Function]}
      >
        Add employee role
      </button>
    </div>
  </div>
</div>
`;
